Java HotSpot(TM) 64-Bit Server VM (25.101-b13) for bsd-amd64 JRE (1.8.0_101-b13), built on Jun 22 2016 02:42:15 by "java_re" with gcc 4.2.1 (Based on Apple Inc. build 5658) (LLVM build 2336.11.00)
Memory: 4k page, physical 8388608k(203508k free)

/proc/meminfo:

CommandLine flags: -XX:InitialHeapSize=536870912 -XX:MaxHeapSize=536870912 -XX:+PrintGC -XX:+PrintGCDateStamps -XX:+PrintGCDetails -XX:+PrintGCTimeStamps -XX:+UseCompressedClassPointers -XX:+UseCompressedOops -XX:+UseParallelGC 
2020-10-25T23:04:09.047-0800: 0.212: [GC (Allocation Failure) [PSYoungGen: 131518K->21490K(153088K)] 131518K->42606K(502784K), 0.0374962 secs] [Times: user=0.02 sys=0.04, real=0.04 secs] 
2020-10-25T23:04:09.123-0800: 0.288: [GC (Allocation Failure) [PSYoungGen: 152900K->21501K(153088K)] 174016K->86093K(502784K), 0.0800834 secs] [Times: user=0.04 sys=0.04, real=0.08 secs] 
2020-10-25T23:04:09.237-0800: 0.402: [GC (Allocation Failure) [PSYoungGen: 153085K->21502K(153088K)] 217677K->120956K(502784K), 0.0310333 secs] [Times: user=0.03 sys=0.03, real=0.03 secs] 
2020-10-25T23:04:09.294-0800: 0.459: [GC (Allocation Failure) [PSYoungGen: 153086K->21480K(153088K)] 252540K->163574K(502784K), 0.0499019 secs] [Times: user=0.04 sys=0.04, real=0.05 secs] 
2020-10-25T23:04:09.375-0800: 0.540: [GC (Allocation Failure) [PSYoungGen: 152782K->21495K(153088K)] 294877K->203044K(502784K), 0.0326782 secs] [Times: user=0.03 sys=0.03, real=0.03 secs] 
2020-10-25T23:04:09.432-0800: 0.597: [GC (Allocation Failure) [PSYoungGen: 153079K->21503K(80384K)] 334628K->244833K(430080K), 0.0336869 secs] [Times: user=0.02 sys=0.03, real=0.03 secs] 
2020-10-25T23:04:09.476-0800: 0.641: [GC (Allocation Failure) [PSYoungGen: 80167K->32750K(116736K)] 303497K->262800K(466432K), 0.0094919 secs] [Times: user=0.03 sys=0.01, real=0.01 secs] 
2020-10-25T23:04:09.497-0800: 0.663: [GC (Allocation Failure) [PSYoungGen: 91630K->41381K(116736K)] 321680K->275383K(466432K), 0.0089521 secs] [Times: user=0.02 sys=0.00, real=0.01 secs] 
2020-10-25T23:04:09.517-0800: 0.682: [GC (Allocation Failure) [PSYoungGen: 100261K->45446K(116736K)] 334263K->287612K(466432K), 0.0134214 secs] [Times: user=0.02 sys=0.01, real=0.02 secs] 
2020-10-25T23:04:09.541-0800: 0.707: [GC (Allocation Failure) [PSYoungGen: 104056K->35440K(116736K)] 346223K->306125K(466432K), 0.0199698 secs] [Times: user=0.03 sys=0.03, real=0.02 secs] 
2020-10-25T23:04:09.571-0800: 0.736: [GC (Allocation Failure) [PSYoungGen: 94272K->26846K(116736K)] 364956K->331945K(466432K), 0.0277806 secs] [Times: user=0.03 sys=0.03, real=0.02 secs] 
2020-10-25T23:04:09.599-0800: 0.764: [Full GC (Ergonomics) [PSYoungGen: 26846K->0K(116736K)] [ParOldGen: 305098K->230150K(349696K)] 331945K->230150K(466432K), [Metaspace: 2679K->2679K(1056768K)], 0.0635545 secs] [Times: user=0.12 sys=0.04, real=0.07 secs] 
2020-10-25T23:04:09.672-0800: 0.837: [GC (Allocation Failure) [PSYoungGen: 58836K->24000K(116736K)] 288986K->254151K(466432K), 0.0044425 secs] [Times: user=0.01 sys=0.00, real=0.00 secs] 
2020-10-25T23:04:09.686-0800: 0.851: [GC (Allocation Failure) [PSYoungGen: 82845K->18641K(116736K)] 312996K->270727K(466432K), 0.0076949 secs] [Times: user=0.02 sys=0.00, real=0.01 secs] 
2020-10-25T23:04:09.704-0800: 0.869: [GC (Allocation Failure) [PSYoungGen: 77379K->20530K(116736K)] 329465K->289763K(466432K), 0.0072876 secs] [Times: user=0.02 sys=0.00, real=0.01 secs] 
2020-10-25T23:04:09.721-0800: 0.886: [GC (Allocation Failure) [PSYoungGen: 79410K->21144K(116736K)] 348643K->309865K(466432K), 0.0087275 secs] [Times: user=0.02 sys=0.00, real=0.01 secs] 
2020-10-25T23:04:09.741-0800: 0.906: [GC (Allocation Failure) [PSYoungGen: 79455K->21343K(116736K)] 368176K->329553K(466432K), 0.0077282 secs] [Times: user=0.03 sys=0.01, real=0.00 secs] 
2020-10-25T23:04:09.748-0800: 0.914: [Full GC (Ergonomics) [PSYoungGen: 21343K->0K(116736K)] [ParOldGen: 308210K->265176K(349696K)] 329553K->265176K(466432K), [Metaspace: 2679K->2679K(1056768K)], 0.0400201 secs] [Times: user=0.12 sys=0.00, real=0.04 secs] 
2020-10-25T23:04:09.800-0800: 0.965: [GC (Allocation Failure) [PSYoungGen: 58880K->21145K(116736K)] 324056K->286322K(466432K), 0.0037178 secs] [Times: user=0.01 sys=0.00, real=0.00 secs] 
2020-10-25T23:04:09.814-0800: 0.979: [GC (Allocation Failure) [PSYoungGen: 79932K->20307K(116736K)] 345108K->306233K(466432K), 0.0064156 secs] [Times: user=0.02 sys=0.00, real=0.01 secs] 
2020-10-25T23:04:09.830-0800: 0.995: [GC (Allocation Failure) [PSYoungGen: 78542K->22203K(116736K)] 364469K->327310K(466432K), 0.0074719 secs] [Times: user=0.02 sys=0.00, real=0.00 secs] 
2020-10-25T23:04:09.849-0800: 1.014: [GC (Allocation Failure) [PSYoungGen: 80533K->23612K(116736K)] 385640K->348722K(466432K), 0.0207929 secs] [Times: user=0.02 sys=0.01, real=0.03 secs] 
2020-10-25T23:04:09.870-0800: 1.035: [Full GC (Ergonomics) [PSYoungGen: 23612K->0K(116736K)] [ParOldGen: 325109K->290405K(349696K)] 348722K->290405K(466432K), [Metaspace: 2679K->2679K(1056768K)], 0.0468941 secs] [Times: user=0.14 sys=0.01, real=0.04 secs] 
2020-10-25T23:04:09.928-0800: 1.093: [GC (Allocation Failure) [PSYoungGen: 58668K->16831K(116736K)] 349074K->307237K(466432K), 0.0035678 secs] [Times: user=0.01 sys=0.00, real=0.01 secs] 
Heap
 PSYoungGen      total 116736K, used 29305K [0x00000007b5580000, 0x00000007c0000000, 0x00000007c0000000)
  eden space 58880K, 21% used [0x00000007b5580000,0x00000007b61ae5c0,0x00000007b8f00000)
  from space 57856K, 29% used [0x00000007b8f00000,0x00000007b9f6fed0,0x00000007bc780000)
  to   space 57856K, 0% used [0x00000007bc780000,0x00000007bc780000,0x00000007c0000000)
 ParOldGen       total 349696K, used 290405K [0x00000007a0000000, 0x00000007b5580000, 0x00000007b5580000)
  object space 349696K, 83% used [0x00000007a0000000,0x00000007b1b996a0,0x00000007b5580000)
 Metaspace       used 2686K, capacity 4486K, committed 4864K, reserved 1056768K
  class space    used 294K, capacity 386K, committed 512K, reserved 1048576K
